2026-09-21T08:40:50+00:00
ERROR: Incorrect date value: '' for column 'Add_Registration_date' at row 1
SQL:
UPDATE create_post SET 
    driver_name='M.pichai Muthu',
    vehicle_no='Tn67cx8143',
    phone_no='7810007250',
    whatsapp_no='7810007250',
    address='',
    city_id='70',
    area_id='494',
    status='0',
    vehicle_name='Mp',
    category_id='1',
    subcategory_id='1',
    meta_keyword='',
    Add_load_detail='',
    Add_location='Pillaiyarkulam ',
    Add_Registration_date='',
    Add_RC_owner_name='Pichai muthu',
    Add_insurance_exp_date='2027-04-15',
    FC_date='',
    remarks='',
    package_id='26',
    package_amount='200',
    package_days='180',
    customer_id='22543',
    expiry_date='2027-03-17',
    post_addon='2026-09-18',
    day_duty='',
    night_duty='',
    vehicle_type_id='0',
    seating_capacity='',
    facilities='',
    space='',
    size='',
    tonnage='2',
    shop_name='',
    work_nature='',
    shop_address='',
    net_amount='200.00',
    stand_name='House ',
    sub_area_id='',
    reffered_by_phone_no='7810007250',
    reffered_by_name='Mp',
    state_id='24',
    payment_type=NULL,
    ref_no='',
    other_vehicle_type='',
    vehicle_body_type='Open Body',
    utr_number='',
    utr_date=''
    ,payment_confirmed_at=NULL
    ,activation_popup_shown=0
    WHERE post_id='5215'

